Archive member included to satisfy reference by file (symbol)

c:/program files (x86)/atmel/studio/7.0/toolchain/avr8/avr8-gnu-toolchain/bin/../lib/gcc/avr/4.9.2/avr5\libgcc.a(_exit.o)
                              C:/Program Files (x86)/Atmel/Studio/7.0/Packs/Atmel/ATmega_DFP/1.0.98/gcc/dev/atmega644p/avr5/crtatmega644p.o (exit)
c:/program files (x86)/atmel/studio/7.0/toolchain/avr8/avr8-gnu-toolchain/bin/../lib/gcc/avr/4.9.2/avr5\libgcc.a(_tablejump2.o)
                              main.o (__tablejump2__)
c:/program files (x86)/atmel/studio/7.0/toolchain/avr8/avr8-gnu-toolchain/bin/../lib/gcc/avr/4.9.2/avr5\libgcc.a(_copy_data.o)
                              inc/CRC_interface.o (__do_copy_data)
c:/program files (x86)/atmel/studio/7.0/toolchain/avr8/avr8-gnu-toolchain/bin/../lib/gcc/avr/4.9.2/avr5\libgcc.a(_clear_bss.o)
                              main.o (__do_clear_bss)
C:/Program Files (x86)/Atmel/Studio/7.0/Packs/Atmel/ATmega_DFP/1.0.98/gcc/dev/atmega644p/avr5\libatmega644p.a(eerd_byte.o)
                              main.o (eeprom_read_byte)
C:/Program Files (x86)/Atmel/Studio/7.0/Packs/Atmel/ATmega_DFP/1.0.98/gcc/dev/atmega644p/avr5\libatmega644p.a(eeupd_byte.o)
                              main.o (eeprom_update_byte)

Discarded input sections

 .data          0x00000000        0x0 C:/Program Files (x86)/Atmel/Studio/7.0/Packs/Atmel/ATmega_DFP/1.0.98/gcc/dev/atmega644p/avr5/crtatmega644p.o
 .bss           0x00000000        0x0 C:/Program Files (x86)/Atmel/Studio/7.0/Packs/Atmel/ATmega_DFP/1.0.98/gcc/dev/atmega644p/avr5/crtatmega644p.o
 .text          0x00000000        0x0 inc/CRC_interface.o
 .data          0x00000000        0x0 inc/CRC_interface.o
 .bss           0x00000000        0x0 inc/CRC_interface.o
 .text          0x00000000        0x0 inc/RS232.o
 .data          0x00000000        0x0 inc/RS232.o
 .bss           0x00000000        0x0 inc/RS232.o
 .text.RS232_Receive_String
                0x00000000       0x14 inc/RS232.o
 .text.RS232_Transmit_String_CRLF
                0x00000000       0x2a inc/RS232.o
 .text.RS232_Transmit_String_Buffer
                0x00000000       0x28 inc/RS232.o
 .text          0x00000000        0x0 main.o
 .data          0x00000000        0x0 main.o
 .bss           0x00000000        0x0 main.o
 .text.jumpaddress
                0x00000000        0x6 main.o
 .text.ReadLockBits
                0x00000000        0x2 main.o
 .text.WriteLockBits
                0x00000000        0x2 main.o
 .text          0x00000000        0x0 c:/program files (x86)/atmel/studio/7.0/toolchain/avr8/avr8-gnu-toolchain/bin/../lib/gcc/avr/4.9.2/avr5\libgcc.a(_exit.o)
 .data          0x00000000        0x0 c:/program files (x86)/atmel/studio/7.0/toolchain/avr8/avr8-gnu-toolchain/bin/../lib/gcc/avr/4.9.2/avr5\libgcc.a(_exit.o)
 .bss           0x00000000        0x0 c:/program files (x86)/atmel/studio/7.0/toolchain/avr8/avr8-gnu-toolchain/bin/../lib/gcc/avr/4.9.2/avr5\libgcc.a(_exit.o)
 .text.libgcc.mul
                0x00000000        0x0 c:/program files (x86)/atmel/studio/7.0/toolchain/avr8/avr8-gnu-toolchain/bin/../lib/gcc/avr/4.9.2/avr5\libgcc.a(_exit.o)
 .text.libgcc.div
                0x00000000        0x0 c:/program files (x86)/atmel/studio/7.0/toolchain/avr8/avr8-gnu-toolchain/bin/../lib/gcc/avr/4.9.2/avr5\libgcc.a(_exit.o)
 .text.libgcc   0x00000000        0x0 c:/program files (x86)/atmel/studio/7.0/toolchain/avr8/avr8-gnu-toolchain/bin/../lib/gcc/avr/4.9.2/avr5\libgcc.a(_exit.o)
 .text.libgcc.prologue
                0x00000000        0x0 c:/program files (x86)/atmel/studio/7.0/toolchain/avr8/avr8-gnu-toolchain/bin/../lib/gcc/avr/4.9.2/avr5\libgcc.a(_exit.o)
 .text.libgcc.builtins
                0x00000000        0x0 c:/program files (x86)/atmel/studio/7.0/toolchain/avr8/avr8-gnu-toolchain/bin/../lib/gcc/avr/4.9.2/avr5\libgcc.a(_exit.o)
 .text.libgcc.fmul
                0x00000000        0x0 c:/program files (x86)/atmel/studio/7.0/toolchain/avr8/avr8-gnu-toolchain/bin/../lib/gcc/avr/4.9.2/avr5\libgcc.a(_exit.o)
 .text.libgcc.fixed
                0x00000000        0x0 c:/program files (x86)/atmel/studio/7.0/toolchain/avr8/avr8-gnu-toolchain/bin/../lib/gcc/avr/4.9.2/avr5\libgcc.a(_exit.o)
 .text          0x00000000        0x0 c:/program files (x86)/atmel/studio/7.0/toolchain/avr8/avr8-gnu-toolchain/bin/../lib/gcc/avr/4.9.2/avr5\libgcc.a(_tablejump2.o)
 .data          0x00000000        0x0 c:/program files (x86)/atmel/studio/7.0/toolchain/avr8/avr8-gnu-toolchain/bin/../lib/gcc/avr/4.9.2/avr5\libgcc.a(_tablejump2.o)
 .bss           0x00000000        0x0 c:/program files (x86)/atmel/studio/7.0/toolchain/avr8/avr8-gnu-toolchain/bin/../lib/gcc/avr/4.9.2/avr5\libgcc.a(_tablejump2.o)
 .text.libgcc.mul
                0x00000000        0x0 c:/program files (x86)/atmel/studio/7.0/toolchain/avr8/avr8-gnu-toolchain/bin/../lib/gcc/avr/4.9.2/avr5\libgcc.a(_tablejump2.o)
 .text.libgcc.div
                0x00000000        0x0 c:/program files (x86)/atmel/studio/7.0/toolchain/avr8/avr8-gnu-toolchain/bin/../lib/gcc/avr/4.9.2/avr5\libgcc.a(_tablejump2.o)
 .text.libgcc.prologue
                0x00000000        0x0 c:/program files (x86)/atmel/studio/7.0/toolchain/avr8/avr8-gnu-toolchain/bin/../lib/gcc/avr/4.9.2/avr5\libgcc.a(_tablejump2.o)
 .text.libgcc.builtins
                0x00000000        0x0 c:/program files (x86)/atmel/studio/7.0/toolchain/avr8/avr8-gnu-toolchain/bin/../lib/gcc/avr/4.9.2/avr5\libgcc.a(_tablejump2.o)
 .text.libgcc.fmul
                0x00000000        0x0 c:/program files (x86)/atmel/studio/7.0/toolchain/avr8/avr8-gnu-toolchain/bin/../lib/gcc/avr/4.9.2/avr5\libgcc.a(_tablejump2.o)
 .text.libgcc.fixed
                0x00000000        0x0 c:/program files (x86)/atmel/studio/7.0/toolchain/avr8/avr8-gnu-toolchain/bin/../lib/gcc/avr/4.9.2/avr5\libgcc.a(_tablejump2.o)
 .text          0x00000000        0x0 c:/program files (x86)/atmel/studio/7.0/toolchain/avr8/avr8-gnu-toolchain/bin/../lib/gcc/avr/4.9.2/avr5\libgcc.a(_copy_data.o)
 .data          0x00000000        0x0 c:/program files (x86)/atmel/studio/7.0/toolchain/avr8/avr8-gnu-toolchain/bin/../lib/gcc/avr/4.9.2/avr5\libgcc.a(_copy_data.o)
 .bss           0x00000000        0x0 c:/program files (x86)/atmel/studio/7.0/toolchain/avr8/avr8-gnu-toolchain/bin/../lib/gcc/avr/4.9.2/avr5\libgcc.a(_copy_data.o)
 .text.libgcc.mul
                0x00000000        0x0 c:/program files (x86)/atmel/studio/7.0/toolchain/avr8/avr8-gnu-toolchain/bin/../lib/gcc/avr/4.9.2/avr5\libgcc.a(_copy_data.o)
 .text.libgcc.div
                0x00000000        0x0 c:/program files (x86)/atmel/studio/7.0/toolchain/avr8/avr8-gnu-toolchain/bin/../lib/gcc/avr/4.9.2/avr5\libgcc.a(_copy_data.o)
 .text.libgcc   0x00000000        0x0 c:/program files (x86)/atmel/studio/7.0/toolchain/avr8/avr8-gnu-toolchain/bin/../lib/gcc/avr/4.9.2/avr5\libgcc.a(_copy_data.o)
 .text.libgcc.prologue
                0x00000000        0x0 c:/program files (x86)/atmel/studio/7.0/toolchain/avr8/avr8-gnu-toolchain/bin/../lib/gcc/avr/4.9.2/avr5\libgcc.a(_copy_data.o)
 .text.libgcc.builtins
                0x00000000        0x0 c:/program files (x86)/atmel/studio/7.0/toolchain/avr8/avr8-gnu-toolchain/bin/../lib/gcc/avr/4.9.2/avr5\libgcc.a(_copy_data.o)
 .text.libgcc.fmul
                0x00000000        0x0 c:/program files (x86)/atmel/studio/7.0/toolchain/avr8/avr8-gnu-toolchain/bin/../lib/gcc/avr/4.9.2/avr5\libgcc.a(_copy_data.o)
 .text.libgcc.fixed
                0x00000000        0x0 c:/program files (x86)/atmel/studio/7.0/toolchain/avr8/avr8-gnu-toolchain/bin/../lib/gcc/avr/4.9.2/avr5\libgcc.a(_copy_data.o)
 .text          0x00000000        0x0 c:/program files (x86)/atmel/studio/7.0/toolchain/avr8/avr8-gnu-toolchain/bin/../lib/gcc/avr/4.9.2/avr5\libgcc.a(_clear_bss.o)
 .data          0x00000000        0x0 c:/program files (x86)/atmel/studio/7.0/toolchain/avr8/avr8-gnu-toolchain/bin/../lib/gcc/avr/4.9.2/avr5\libgcc.a(_clear_bss.o)
 .bss           0x00000000        0x0 c:/program files (x86)/atmel/studio/7.0/toolchain/avr8/avr8-gnu-toolchain/bin/../lib/gcc/avr/4.9.2/avr5\libgcc.a(_clear_bss.o)
 .text.libgcc.mul
                0x00000000        0x0 c:/program files (x86)/atmel/studio/7.0/toolchain/avr8/avr8-gnu-toolchain/bin/../lib/gcc/avr/4.9.2/avr5\libgcc.a(_clear_bss.o)
 .text.libgcc.div
                0x00000000        0x0 c:/program files (x86)/atmel/studio/7.0/toolchain/avr8/avr8-gnu-toolchain/bin/../lib/gcc/avr/4.9.2/avr5\libgcc.a(_clear_bss.o)
 .text.libgcc   0x00000000        0x0 c:/program files (x86)/atmel/studio/7.0/toolchain/avr8/avr8-gnu-toolchain/bin/../lib/gcc/avr/4.9.2/avr5\libgcc.a(_clear_bss.o)
 .text.libgcc.prologue
                0x00000000        0x0 c:/program files (x86)/atmel/studio/7.0/toolchain/avr8/avr8-gnu-toolchain/bin/../lib/gcc/avr/4.9.2/avr5\libgcc.a(_clear_bss.o)
 .text.libgcc.builtins
                0x00000000        0x0 c:/program files (x86)/atmel/studio/7.0/toolchain/avr8/avr8-gnu-toolchain/bin/../lib/gcc/avr/4.9.2/avr5\libgcc.a(_clear_bss.o)
 .text.libgcc.fmul
                0x00000000        0x0 c:/program files (x86)/atmel/studio/7.0/toolchain/avr8/avr8-gnu-toolchain/bin/../lib/gcc/avr/4.9.2/avr5\libgcc.a(_clear_bss.o)
 .text.libgcc.fixed
                0x00000000        0x0 c:/program files (x86)/atmel/studio/7.0/toolchain/avr8/avr8-gnu-toolchain/bin/../lib/gcc/avr/4.9.2/avr5\libgcc.a(_clear_bss.o)
 .text          0x00000000        0x0 C:/Program Files (x86)/Atmel/Studio/7.0/Packs/Atmel/ATmega_DFP/1.0.98/gcc/dev/atmega644p/avr5\libatmega644p.a(eerd_byte.o)
 .data          0x00000000        0x0 C:/Program Files (x86)/Atmel/Studio/7.0/Packs/Atmel/ATmega_DFP/1.0.98/gcc/dev/atmega644p/avr5\libatmega644p.a(eerd_byte.o)
 .bss           0x00000000        0x0 C:/Program Files (x86)/Atmel/Studio/7.0/Packs/Atmel/ATmega_DFP/1.0.98/gcc/dev/atmega644p/avr5\libatmega644p.a(eerd_byte.o)
 .text          0x00000000        0x0 C:/Program Files (x86)/Atmel/Studio/7.0/Packs/Atmel/ATmega_DFP/1.0.98/gcc/dev/atmega644p/avr5\libatmega644p.a(eeupd_byte.o)
 .data          0x00000000        0x0 C:/Program Files (x86)/Atmel/Studio/7.0/Packs/Atmel/ATmega_DFP/1.0.98/gcc/dev/atmega644p/avr5\libatmega644p.a(eeupd_byte.o)
 .bss           0x00000000        0x0 C:/Program Files (x86)/Atmel/Studio/7.0/Packs/Atmel/ATmega_DFP/1.0.98/gcc/dev/atmega644p/avr5\libatmega644p.a(eeupd_byte.o)

Memory Configuration

Name             Origin             Length             Attributes
text             0x00000000         0x00020000         xr
data             0x00800060         0x0000ffa0         rw !x
eeprom           0x00810000         0x00010000         rw !x
fuse             0x00820000         0x00000400         rw !x
lock             0x00830000         0x00000400         rw !x
signature        0x00840000         0x00000400         rw !x
user_signatures  0x00850000         0x00000400         rw !x
*default*        0x00000000         0xffffffff

Linker script and memory map

Address of section .data set to 0x800100
LOAD C:/Program Files (x86)/Atmel/Studio/7.0/Packs/Atmel/ATmega_DFP/1.0.98/gcc/dev/atmega644p/avr5/crtatmega644p.o
LOAD inc/CRC_interface.o
LOAD inc/RS232.o
LOAD main.o
START GROUP
LOAD c:/program files (x86)/atmel/studio/7.0/toolchain/avr8/avr8-gnu-toolchain/bin/../lib/gcc/avr/4.9.2/../../../../avr/lib/avr5\libm.a
END GROUP
Address of section .text set to 0xe000
START GROUP
LOAD c:/program files (x86)/atmel/studio/7.0/toolchain/avr8/avr8-gnu-toolchain/bin/../lib/gcc/avr/4.9.2/avr5\libgcc.a
LOAD c:/program files (x86)/atmel/studio/7.0/toolchain/avr8/avr8-gnu-toolchain/bin/../lib/gcc/avr/4.9.2/../../../../avr/lib/avr5\libm.a
LOAD c:/program files (x86)/atmel/studio/7.0/toolchain/avr8/avr8-gnu-toolchain/bin/../lib/gcc/avr/4.9.2/../../../../avr/lib/avr5\libc.a
LOAD C:/Program Files (x86)/Atmel/Studio/7.0/Packs/Atmel/ATmega_DFP/1.0.98/gcc/dev/atmega644p/avr5\libatmega644p.a
END GROUP

.hash
 *(.hash)

.dynsym
 *(.dynsym)

.dynstr
 *(.dynstr)

.gnu.version
 *(.gnu.version)

.gnu.version_d
 *(.gnu.version_d)

.gnu.version_r
 *(.gnu.version_r)

.rel.init
 *(.rel.init)

.rela.init
 *(.rela.init)

.rel.text
 *(.rel.text)
 *(.rel.text.*)
 *(.rel.gnu.linkonce.t*)

.rela.text
 *(.rela.text)
 *(.rela.text.*)
 *(.rela.gnu.linkonce.t*)

.rel.fini
 *(.rel.fini)

.rela.fini
 *(.rela.fini)

.rel.rodata
 *(.rel.rodata)
 *(.rel.rodata.*)
 *(.rel.gnu.linkonce.r*)

.rela.rodata
 *(.rela.rodata)
 *(.rela.rodata.*)
 *(.rela.gnu.linkonce.r*)

.rel.data
 *(.rel.data)
 *(.rel.data.*)
 *(.rel.gnu.linkonce.d*)

.rela.data
 *(.rela.data)
 *(.rela.data.*)
 *(.rela.gnu.linkonce.d*)

.rel.ctors
 *(.rel.ctors)

.rela.ctors
 *(.rela.ctors)

.rel.dtors
 *(.rel.dtors)

.rela.dtors
 *(.rela.dtors)

.rel.got
 *(.rel.got)

.rela.got
 *(.rela.got)

.rel.bss
 *(.rel.bss)

.rela.bss
 *(.rela.bss)

.rel.plt
 *(.rel.plt)

.rela.plt
 *(.rela.plt)

.text           0x0000e000      0x760
 *(.vectors)
 .vectors       0x0000e000       0x7c C:/Program Files (x86)/Atmel/Studio/7.0/Packs/Atmel/ATmega_DFP/1.0.98/gcc/dev/atmega644p/avr5/crtatmega644p.o
                0x0000e000                __vector_default
                0x0000e000                __vectors
 *(.vectors)
 *(.progmem.gcc*)
 .progmem.gcc_sw_table.main
                0x0000e07c       0x64 main.o
                0x0000e0e0                . = ALIGN (0x2)
                0x0000e0e0                __trampolines_start = .
 *(.trampolines)
 .trampolines   0x0000e0e0        0x0 linker stubs
 *(.trampolines*)
                0x0000e0e0                __trampolines_end = .
 *(.progmem*)
                0x0000e0e0                . = ALIGN (0x2)
 *(.jumptables)
 *(.jumptables*)
 *(.lowtext)
 *(.lowtext*)
                0x0000e0e0                __ctors_start = .
 *(.ctors)
                0x0000e0e0                __ctors_end = .
                0x0000e0e0                __dtors_start = .
 *(.dtors)
                0x0000e0e0                __dtors_end = .
 SORT(*)(.ctors)
 SORT(*)(.dtors)
 *(.init0)
 .init0         0x0000e0e0        0x0 C:/Program Files (x86)/Atmel/Studio/7.0/Packs/Atmel/ATmega_DFP/1.0.98/gcc/dev/atmega644p/avr5/crtatmega644p.o
                0x0000e0e0                __init
 *(.init0)
 *(.init1)
 *(.init1)
 *(.init2)
 .init2         0x0000e0e0        0xc C:/Program Files (x86)/Atmel/Studio/7.0/Packs/Atmel/ATmega_DFP/1.0.98/gcc/dev/atmega644p/avr5/crtatmega644p.o
 *(.init2)
 *(.init3)
 *(.init3)
 *(.init4)
 .init4         0x0000e0ec       0x16 c:/program files (x86)/atmel/studio/7.0/toolchain/avr8/avr8-gnu-toolchain/bin/../lib/gcc/avr/4.9.2/avr5\libgcc.a(_copy_data.o)
                0x0000e0ec                __do_copy_data
 .init4         0x0000e102       0x10 c:/program files (x86)/atmel/studio/7.0/toolchain/avr8/avr8-gnu-toolchain/bin/../lib/gcc/avr/4.9.2/avr5\libgcc.a(_clear_bss.o)
                0x0000e102                __do_clear_bss
 *(.init4)
 *(.init5)
 *(.init5)
 *(.init6)
 *(.init6)
 *(.init7)
 *(.init7)
 *(.init8)
 *(.init8)
 *(.init9)
 .init9         0x0000e112        0x8 C:/Program Files (x86)/Atmel/Studio/7.0/Packs/Atmel/ATmega_DFP/1.0.98/gcc/dev/atmega644p/avr5/crtatmega644p.o
 *(.init9)
 *(.text)
 .text          0x0000e11a        0x4 C:/Program Files (x86)/Atmel/Studio/7.0/Packs/Atmel/ATmega_DFP/1.0.98/gcc/dev/atmega644p/avr5/crtatmega644p.o
                0x0000e11a                __vector_22
                0x0000e11a                __vector_28
                0x0000e11a                __vector_1
                0x0000e11a                __vector_24
                0x0000e11a                __vector_12
                0x0000e11a                __bad_interrupt
                0x0000e11a                __vector_6
                0x0000e11a                __vector_3
                0x0000e11a                __vector_23
                0x0000e11a                __vector_30
                0x0000e11a                __vector_25
                0x0000e11a                __vector_11
                0x0000e11a                __vector_13
                0x0000e11a                __vector_17
                0x0000e11a                __vector_19
                0x0000e11a                __vector_7
                0x0000e11a                __vector_27
                0x0000e11a                __vector_5
                0x0000e11a                __vector_4
                0x0000e11a                __vector_9
                0x0000e11a                __vector_2
                0x0000e11a                __vector_21
                0x0000e11a                __vector_15
                0x0000e11a                __vector_29
                0x0000e11a                __vector_8
                0x0000e11a                __vector_26
                0x0000e11a                __vector_14
                0x0000e11a                __vector_10
                0x0000e11a                __vector_16
                0x0000e11a                __vector_18
                0x0000e11a                __vector_20
                0x0000e11e                . = ALIGN (0x2)
 *(.text.*)
 .text.VerifyFlash
                0x0000e11e       0x5e inc/CRC_interface.o
                0x0000e11e                VerifyFlash
 .text.RS232_Init
                0x0000e17c       0x16 inc/RS232.o
                0x0000e17c                RS232_Init
 .text.RS232_Receive_Status
                0x0000e192       0x12 inc/RS232.o
                0x0000e192                RS232_Receive_Status
 .text.RS232_Receive_Char
                0x0000e1a4       0x10 inc/RS232.o
                0x0000e1a4                RS232_Receive_Char
 .text.RS232_Transmit_Char
                0x0000e1b4       0x10 inc/RS232.o
                0x0000e1b4                RS232_Transmit_Char
 .text.RS232_Transmit_uint8
                0x0000e1c4       0x10 inc/RS232.o
                0x0000e1c4                RS232_Transmit_uint8
 .text.RS232_Transmit_uint16
                0x0000e1d4       0x14 inc/RS232.o
                0x0000e1d4                RS232_Transmit_uint16
 .text.RS232_Transmit_Char_CR
                0x0000e1e8       0x12 inc/RS232.o
                0x0000e1e8                RS232_Transmit_Char_CR
 .text.RS232_Transmit_String
                0x0000e1fa       0x1e inc/RS232.o
                0x0000e1fa                RS232_Transmit_String
 .text.RS232_Transmit_String_CR
                0x0000e218       0x24 inc/RS232.o
                0x0000e218                RS232_Transmit_String_CR
 .text.FirstFunction
                0x0000e23c       0x50 main.o
                0x0000e23c                FirstFunction
 .text.ChipErase
                0x0000e28c       0x1e main.o
                0x0000e28c                ChipErase
 .text.EepromErase
                0x0000e2aa       0x2a main.o
                0x0000e2aa                EepromErase
 .text.WriteFlashPages
                0x0000e2d4       0x62 main.o
                0x0000e2d4                WriteFlashPages
 .text.WriteEepromPages
                0x0000e336       0x3a main.o
                0x0000e336                WriteEepromPages
 .text.ReadFlashPages
                0x0000e370       0x6a main.o
                0x0000e370                ReadFlashPages
 .text.ReadEepromPages
                0x0000e3da       0x6c main.o
                0x0000e3da                ReadEepromPages
 .text.main     0x0000e446      0x2d6 main.o
                0x0000e446                main
 .text.libgcc   0x0000e71c        0xc c:/program files (x86)/atmel/studio/7.0/toolchain/avr8/avr8-gnu-toolchain/bin/../lib/gcc/avr/4.9.2/avr5\libgcc.a(_tablejump2.o)
                0x0000e71c                __tablejump2__
 .text.avr-libc
                0x0000e728       0x10 C:/Program Files (x86)/Atmel/Studio/7.0/Packs/Atmel/ATmega_DFP/1.0.98/gcc/dev/atmega644p/avr5\libatmega644p.a(eerd_byte.o)
                0x0000e728                eeprom_read_byte
 .text.avr-libc
                0x0000e738       0x24 C:/Program Files (x86)/Atmel/Studio/7.0/Packs/Atmel/ATmega_DFP/1.0.98/gcc/dev/atmega644p/avr5\libatmega644p.a(eeupd_byte.o)
                0x0000e738                eeprom_update_byte
                0x0000e73a                eeprom_update_r18
                0x0000e75c                . = ALIGN (0x2)
 *(.fini9)
 .fini9         0x0000e75c        0x0 c:/program files (x86)/atmel/studio/7.0/toolchain/avr8/avr8-gnu-toolchain/bin/../lib/gcc/avr/4.9.2/avr5\libgcc.a(_exit.o)
                0x0000e75c                _exit
                0x0000e75c                exit
 *(.fini9)
 *(.fini8)
 *(.fini8)
 *(.fini7)
 *(.fini7)
 *(.fini6)
 *(.fini6)
 *(.fini5)
 *(.fini5)
 *(.fini4)
 *(.fini4)
 *(.fini3)
 *(.fini3)
 *(.fini2)
 *(.fini2)
 *(.fini1)
 *(.fini1)
 *(.fini0)
 .fini0         0x0000e75c        0x4 c:/program files (x86)/atmel/studio/7.0/toolchain/avr8/avr8-gnu-toolchain/bin/../lib/gcc/avr/4.9.2/avr5\libgcc.a(_exit.o)
 *(.fini0)
                0x0000e760                _etext = .

.data           0x00800100      0x23a load address 0x0000e760
                0x00800100                PROVIDE (__data_start, .)
 *(.data)
 *(.data*)
 .data.SOFTWARE_IDENTIFIER
                0x00800100        0x9 main.o
                0x00800100                SOFTWARE_IDENTIFIER
 .data.BufferEeprom
                0x00800109      0x100 main.o
 *(.rodata)
 *(.rodata*)
 .rodata.crc_table
                0x00800209      0x100 inc/CRC_interface.o
                0x00800209                crc_table
 .rodata.str1.1
                0x00800309       0x31 main.o
 *(.gnu.linkonce.d*)
                0x0080033a                . = ALIGN (0x2)
                0x0080033a                _edata = .
                0x0080033a                PROVIDE (__data_end, .)

.bss            0x0080033a      0x105
                0x0080033a                PROVIDE (__bss_start, .)
 *(.bss)
 *(.bss*)
 .bss.BootStatus
                0x0080033a        0x1 main.o
 .bss.i         0x0080033b        0x2 main.o
 .bss.cnt       0x0080033d        0x2 main.o
 .bss.BufferFlash
                0x0080033f      0x100 main.o
 *(COMMON)
                0x0080043f                PROVIDE (__bss_end, .)
                0x0000e760                __data_load_start = LOADADDR (.data)
                0x0000e99a                __data_load_end = (__data_load_start + SIZEOF (.data))

.noinit         0x0080043f        0x0
                0x0080043f                PROVIDE (__noinit_start, .)
 *(.noinit*)
                0x0080043f                PROVIDE (__noinit_end, .)
                0x0080043f                _end = .
                0x0080043f                PROVIDE (__heap_start, .)

.eeprom         0x00810000        0x0
 *(.eeprom*)
                0x00810000                __eeprom_end = .

.fuse
 *(.fuse)
 *(.lfuse)
 *(.hfuse)
 *(.efuse)

.lock
 *(.lock*)

.signature
 *(.signature*)

.user_signatures
 *(.user_signatures*)

.stab
 *(.stab)

.stabstr
 *(.stabstr)

.stab.excl
 *(.stab.excl)

.stab.exclstr
 *(.stab.exclstr)

.stab.index
 *(.stab.index)

.stab.indexstr
 *(.stab.indexstr)

.comment        0x00000000       0x30
 *(.comment)
 .comment       0x00000000       0x30 inc/CRC_interface.o
                                 0x31 (size before relaxing)
 .comment       0x00000030       0x31 inc/RS232.o
 .comment       0x00000030       0x31 main.o

.note.gnu.avr.deviceinfo
                0x00000000       0x40
 .note.gnu.avr.deviceinfo
                0x00000000       0x40 C:/Program Files (x86)/Atmel/Studio/7.0/Packs/Atmel/ATmega_DFP/1.0.98/gcc/dev/atmega644p/avr5/crtatmega644p.o

.note.gnu.build-id
 *(.note.gnu.build-id)

.debug
 *(.debug)

.line
 *(.line)

.debug_srcinfo
 *(.debug_srcinfo)

.debug_sfnames
 *(.debug_sfnames)

.debug_aranges  0x00000000      0x108
 *(.debug_aranges)
 .debug_aranges
                0x00000000       0x20 inc/CRC_interface.o
 .debug_aranges
                0x00000020       0x78 inc/RS232.o
 .debug_aranges
                0x00000098       0x70 main.o

.debug_pubnames
 *(.debug_pubnames)

.debug_info     0x00000000      0xf42
 *(.debug_info .gnu.linkonce.wi.*)
 .debug_info    0x00000000      0x1ad inc/CRC_interface.o
 .debug_info    0x000001ad      0x30f inc/RS232.o
 .debug_info    0x000004bc      0xa86 main.o

.debug_abbrev   0x00000000      0x4fa
 *(.debug_abbrev)
 .debug_abbrev  0x00000000       0xf5 inc/CRC_interface.o
 .debug_abbrev  0x000000f5      0x166 inc/RS232.o
 .debug_abbrev  0x0000025b      0x29f main.o

.debug_line     0x00000000      0x5a7
 *(.debug_line .debug_line.* .debug_line_end)
 .debug_line    0x00000000       0xd4 inc/CRC_interface.o
 .debug_line    0x000000d4      0x194 inc/RS232.o
 .debug_line    0x00000268      0x33f main.o

.debug_frame    0x00000000      0x27c
 *(.debug_frame)
 .debug_frame   0x00000000       0x38 inc/CRC_interface.o
 .debug_frame   0x00000038      0x114 inc/RS232.o
 .debug_frame   0x0000014c      0x130 main.o

.debug_str      0x00000000      0x412
 *(.debug_str)
 .debug_str     0x00000000      0x1cc inc/CRC_interface.o
                                0x205 (size before relaxing)
 .debug_str     0x000001cc       0xf0 inc/RS232.o
                                0x2ae (size before relaxing)
 .debug_str     0x000002bc      0x156 main.o
                                0x39e (size before relaxing)

.debug_loc      0x00000000      0xa6d
 *(.debug_loc)
 .debug_loc     0x00000000      0x18a inc/CRC_interface.o
 .debug_loc     0x0000018a      0x2bd inc/RS232.o
 .debug_loc     0x00000447      0x626 main.o

.debug_macinfo
 *(.debug_macinfo)

.debug_weaknames
 *(.debug_weaknames)

.debug_funcnames
 *(.debug_funcnames)

.debug_typenames
 *(.debug_typenames)

.debug_varnames
 *(.debug_varnames)

.debug_pubtypes
 *(.debug_pubtypes)

.debug_ranges   0x00000000      0x168
 *(.debug_ranges)
 .debug_ranges  0x00000000       0x10 inc/CRC_interface.o
 .debug_ranges  0x00000010       0x68 inc/RS232.o
 .debug_ranges  0x00000078       0xf0 main.o

.debug_macro
 *(.debug_macro)
OUTPUT(F-00009-01.elf elf32-avr)
LOAD linker stubs
